============================= test session starts ==============================
platform darwin -- Python 3.9.6, pytest-8.4.2, pluggy-1.6.0 -- /Library/Developer/CommandLineTools/usr/bin/python3
cachedir: .pytest_cache
rootdir: /Users/sean/Documents/Agent space/prompts/ptt-tracker/.clone
configfile: pytest.ini
testpaths: tests
plugins: anyio-4.12.1
collecting ... collected 37 items

tests/test_config_loader.py::test_py_load_config_returns_parsed_dict_when_file_exists PASSED [  2%]
tests/test_config_loader.py::test_py_load_config_returns_empty_dict_when_file_missing PASSED [  5%]
tests/test_config_loader.py::test_py_load_config_returns_empty_dict_when_corrupt PASSED [  8%]
tests/test_config_loader.py::test_py_load_config_ignores_env_for_non_secret_fields PASSED [ 10%]
tests/test_config_loader.py::test_js_mirror_merges_file_config_with_env_secrets PASSED [ 13%]
tests/test_config_loader.py::test_js_mirror_returns_none_when_env_missing PASSED [ 16%]
tests/test_config_loader.py::test_js_mirror_does_not_pick_up_secrets_from_file_config PASSED [ 18%]
tests/test_config_loader.py::test_js_mirror_handles_missing_file_config PASSED [ 21%]
tests/test_config_loader.py::test_js_mirror_empty_env_no_secrets_no_crash PASSED [ 24%]
tests/test_heat_filter.py::test_filter_keeps_articles_meeting_threshold PASSED [ 27%]
tests/test_heat_filter.py::test_filter_keeps_articles_at_exact_threshold PASSED [ 29%]
tests/test_heat_filter.py::test_filter_drops_all_below_threshold PASSED  [ 32%]
tests/test_heat_filter.py::test_filter_keeps_all_above_threshold PASSED  [ 35%]
tests/test_heat_filter.py::test_filter_empty_article_list_returns_empty PASSED [ 37%]
tests/test_heat_filter.py::test_filter_with_zero_threshold_returns_all PASSED [ 40%]
tests/test_heat_filter.py::test_filter_missing_heat_field_treated_as_zero PASSED [ 43%]
tests/test_heat_filter.py::test_filter_non_numeric_heat_treated_as_zero PASSED [ 45%]
tests/test_heat_filter.py::test_filter_preserves_input_order PASSED      [ 48%]
tests/test_heat_filter.py::test_filter_does_not_mutate_input PASSED      [ 51%]
tests/test_heat_filter.py::test_filter_default_threshold_one_keeps_anything_positive PASSED [ 54%]
tests/test_heat_filter.py::test_filter_strict_threshold_one_hundred_keeps_only_top PASSED [ 56%]
tests/test_keyword_match.py::test_match_is_case_insensitive[[\u5fc3\u5f97] Mac mini M4 \u958b\u7bb1\u5206\u4eab-mac mini] PASSED [ 59%]
tests/test_keyword_match.py::test_match_is_case_insensitive[[\u5fc3\u5f97] MAC MINI \u958b\u7bb1\u5206\u4eab-mac mini] PASSED [ 62%]
tests/test_keyword_match.py::test_match_is_case_insensitive[[\u5fc3\u5f97] MaC mInI M4-MAC MINI] PASSED [ 64%]
tests/test_keyword_match.py::test_match_is_case_insensitive[[\u7206] \u7279\u50f9 mac mini M2-Mac Mini] PASSED [ 67%]
tests/test_keyword_match.py::test_match_returns_true_if_any_keyword_hits PASSED [ 70%]
tests/test_keyword_match.py::test_match_returns_false_when_no_keyword_hits PASSED [ 72%]
tests/test_keyword_match.py::test_match_returns_true_for_first_hit_not_just_last PASSED [ 75%]
tests/test_keyword_match.py::test_match_returns_false_for_empty_keyword_list PASSED [ 78%]
tests/test_keyword_match.py::test_match_returns_false_for_none_keywords PASSED [ 81%]
tests/test_keyword_match.py::test_match_returns_false_on_non_string_keywords PASSED [ 83%]
tests/test_keyword_match.py::test_match_handles_empty_title PASSED       [ 86%]
tests/test_keyword_match.py::test_match_with_empty_strings_only_in_keywords_returns_true PASSED [ 89%]
tests/test_keyword_match.py::test_match_is_substring_not_word_boundary PASSED [ 91%]
tests/test_keyword_match.py::test_match_supports_unicode_titles PASSED   [ 94%]
tests/test_keyword_match.py::test_match_supports_unicode_keywords PASSED [ 97%]
tests/test_keyword_match.py::test_match_realistic_pull_from_sample_config PASSED [100%]

=============================== warnings summary ===============================
../../../../../Library/Python/3.9/lib/python/site-packages/urllib3/__init__.py:35
  /Users/sean/Library/Python/3.9/lib/python/site-packages/urllib3/__init__.py:35: NotOpenSSLWarning: urllib3 v2 only supports OpenSSL 1.1.1+, currently the 'ssl' module is compiled with 'LibreSSL 2.8.3'. See: https://github.com/urllib3/urllib3/issues/3020
    warnings.warn(

-- Docs: https://docs.pytest.org/en/stable/how-to/capture-warnings.html
======================== 37 passed, 1 warning in 0.16s =========================
Listing '.'...
Listing './.git'...
Listing './.git/hooks'...
Listing './.git/info'...
Listing './.git/logs'...
Listing './.git/logs/refs'...
Listing './.git/logs/refs/heads'...
Listing './.git/logs/refs/heads/rpb'...
Listing './.git/logs/refs/remotes'...
Listing './.git/logs/refs/remotes/origin'...
Listing './.git/objects'...
Listing './.git/objects/39'...
Listing './.git/objects/50'...
Listing './.git/objects/59'...
Listing './.git/objects/72'...
Listing './.git/objects/76'...
Listing './.git/objects/80'...
Listing './.git/objects/85'...
Listing './.git/objects/8e'...
Listing './.git/objects/90'...
Listing './.git/objects/a0'...
Listing './.git/objects/ac'...
Listing './.git/objects/b7'...
Listing './.git/objects/c3'...
Listing './.git/objects/c5'...
Listing './.git/objects/ca'...
Listing './.git/objects/f6'...
Listing './.git/objects/info'...
Listing './.git/objects/pack'...
Listing './.git/refs'...
Listing './.git/refs/heads'...
Listing './.git/refs/heads/rpb'...
Listing './.git/refs/remotes'...
Listing './.git/refs/remotes/origin'...
Listing './.git/refs/tags'...
Listing './.github'...
Listing './.github/workflows'...
Listing './.pytest_cache'...
Listing './.pytest_cache/v'...
Listing './.pytest_cache/v/cache'...
Listing './PRD'...
Listing './api'...
Listing './tests'...
compileall exit: 0
node --check exit: 0
---
TODO/FIXME/HACK grep in tests/ pytest.ini (production code excluded by design):

===== FINAL VERIFY SUMMARY =====
pytest:    ======================== 37 passed, 1 warning in 0.16s =========================
compileall: exit 0 (see above 'compileall exit: 0')
node check: exit 0 (see above 'node --check exit: 0')
tests/:     0 tracked files
