===============================================
=== ROUND 3 FINAL verify (after M1+M2+M3+M4) ===
===============================================
date: 2026-08-30T15:13:23Z
branch: rpb/round-3-v3-since
HEAD: d75c9a93bfe4500ce8bb93b18550599f4540a2cd

d75c9a9 rpb(qa): round-3 tests — timestamp mirror + since-filter fixtures (PTT grace, Dcard query, CLI/serverless normalize)
6958ea8 rpb(backend): round-3 — propagate since-filter through orchestrator; CLI --since / serverless ?since=; PTT grace filter; Dcard ?after=
1fe7cc3 rpb(backend): round-3 — Article.timestamp split into posted_at + fetched_at; PTT posted_at heuristic; cascade strict tests 10→12 keys
865085c rpb(docs): round-3 docs — README timestamp note, CHANGELOG round-3 entry, SPEC 附錄 C
c1ddb36 rpb(orchestrator): round-3 PLAN — align PTT timestamp semantics + since-filtering propagation (m3+ fix)
a0b8b8e rpb(orchestrator): round-2 final verify + summary — 105/105 pytest, F1-F6 all green, M3 findings on PTT timestamp drift flagged for round-3
c074c45 rpb(qa): round-2 tests — schema unification + Dcard connector fixture (68 tests added)
c15cfb2 rpb(backend): add Dcard source connector (round-2 v3.0 milestone 2)
685e281 rpb(backend): extract SourceConnector interface + PTT adapter (round 2 v3.0 milestone 1)
d7cfada rpb(docs): round-2 docs — README v3.0 status, CHANGELOG round-2 entry, SPEC 附錄 B
56c7bef rpb(orchestrator): add round-2 PLAN (v3.0 minimal slice: source abstraction + Dcard connector)
3dfbcbb rpb(orchestrator): round-1 final verify + summary — all 9 milestones done, ready for user review
0988190 rpb(security): M5 hardening + CSP nonce-free + secrets-grep CI
5e3cb99 rpb(docs): M5 docs sync — README env-only default, CHANGELOG round-1, PRD 附錄 A
6222370 rpb(orchestrator): round-1 consolidated verify (pytest 37/37, compileall, node --check, secrets clean)
cf6524d rpb(qa): add pytest scaffold + 3 smoke suites (config, keyword, heat)
3bd80a6 rpb(backend): env-only secrets, gitignore config.json, drop telegram fields from tracked config
801c211 rpb(frontend): M2 frontend polish + CSP via vercel.json
b7dd063 rpb(devops): add CI workflow scaffold + minimal package.json engines
8562fa8 rpb(orchestrator): add round-1 PLAN (5 milestones, v2.x productionization)

===========================================
[F1] python3 -m pytest -q
  /Users/sean/Library/Python/3.9/lib/python/site-packages/urllib3/__init__.py:35: NotOpenSSLWarning: urllib3 v2 only supports OpenSSL 1.1.1+, currently the 'ssl' module is compiled with 'LibreSSL 2.8.3'. See: https://github.com/urllib3/urllib3/issues/3020
    warnings.warn(

-- Docs: https://docs.pytest.org/en/stable/how-to/capture-warnings.html
178 passed, 1 warning in 0.18s
exit: 0

===========================================
[F2] python3 -m compileall .
Listing './sources'...
Listing './tests'...
exit: 0

===========================================
[F3] node --check tracker.js api/tracker.js + sources/*.js
  tracker.js exit: 0
  api/tracker.js exit: 0
  sources/SourceConnector.js exit: 0
  sources/dcard.js exit: 0
  sources/ptt.js exit: 0

===========================================
[F4] PRD/SPEC.md §1-§15 SHA256 (must match round-2 = round-1 baseline)
round-1 baseline: 5b11411354df2344...
round-3 working :  5b11411354df2344...
MATCH

===========================================
[F5] config.json + .env.example
.gitignore:13:config.json	config.json
.env.example

===========================================
[F6] Article schema — M1+M2+M3 confirmed
UNIFIED_ARTICLE_KEYS = ['title', 'url', 'board', 'author', 'pushes', 'posted_at', 'fetched_at', 'source'] | count = 8
ARTICLE_KEYS total  = ['title', 'url', 'board', 'author', 'pushes', 'posted_at', 'fetched_at', 'source', 'date', 'href', 'heat', 'timestamp'] | count = 12

PTT article keys: ['author', 'board', 'date', 'fetched_at', 'heat', 'href', 'posted_at', 'pushes', 'source', 'timestamp', 'title', 'url']
PTT posted_at <-> timestamp alias: True

Dcard article keys: ['author', 'board', 'date', 'fetched_at', 'heat', 'href', 'posted_at', 'pushes', 'source', 'timestamp', 'title', 'url']
Dcard posted_at <-> timestamp alias: True

===========================================
[F7] CLI/serverless since propagation smoke
(Only check that flags & query are wired; do NOT actually run PTT/Dcard fetch)
tracker.js:212:// ``since`` / ``limit`` to each connector's ``fetch``.  ``since`` is an
tracker.js:215:// posts").  Each source decides how to honour ``since`` — PTT applies a
tracker.js:226: * Normalize the CLI / programmatic ``since`` value.
tracker.js:255:  // Round-3 M2: ``since`` flows from the caller (CLI flag or serverless
tracker.js:257:  // behaviour.  Also threaded through as ``ctx.since`` so any source
tracker.js:259:  const since = normalizeSince(ctx.since);
tracker.js:266:  if (since) {
tracker.js:267:    console.log(`⏱️  since-filter: ${since}`);
tracker.js:286:        since,
tracker.js:288:        ctx: { config, since },

===========================================
[F8] TODO/FIXME/HACK scan

===============================================
== FINAL SUMMARY ==
