===============================================
=== ROUND 2 FINAL verify (post M1+M2+M3+M4) ===
===============================================
date: 2026-08-29T15:41:40Z
branch: rpb/round-2-v3-mvp
HEAD: c074c4570755f76f54cf086ee1c8a4781094183a
commits on round-2 branch:
c074c45 rpb(qa): round-2 tests — schema unification + Dcard connector fixture (68 tests added)
c15cfb2 rpb(backend): add Dcard source connector (round-2 v3.0 milestone 2)
685e281 rpb(backend): extract SourceConnector interface + PTT adapter (round 2 v3.0 milestone 1)
d7cfada rpb(docs): round-2 docs — README v3.0 status, CHANGELOG round-2 entry, SPEC 附錄 B
56c7bef rpb(orchestrator): add round-2 PLAN (v3.0 minimal slice: source abstraction + Dcard connector)
3dfbcbb rpb(orchestrator): round-1 final verify + summary — all 9 milestones done, ready for user review
0988190 rpb(security): M5 hardening + CSP nonce-free + secrets-grep CI
5e3cb99 rpb(docs): M5 docs sync — README env-only default, CHANGELOG round-1, PRD 附錄 A
6222370 rpb(orchestrator): round-1 consolidated verify (pytest 37/37, compileall, node --check, secrets clean)
cf6524d rpb(qa): add pytest scaffold + 3 smoke suites (config, keyword, heat)
3bd80a6 rpb(backend): env-only secrets, gitignore config.json, drop telegram fields from tracked config
801c211 rpb(frontend): M2 frontend polish + CSP via vercel.json
b7dd063 rpb(devops): add CI workflow scaffold + minimal package.json engines
8562fa8 rpb(orchestrator): add round-1 PLAN (5 milestones, v2.x productionization)

===========================================
[F1] python3 -m pytest -q (round-1 37 + M3 68 = target 105)
  /Users/sean/Library/Python/3.9/lib/python/site-packages/urllib3/__init__.py:35: NotOpenSSLWarning: urllib3 v2 only supports OpenSSL 1.1.1+, currently the 'ssl' module is compiled with 'LibreSSL 2.8.3'. See: https://github.com/urllib3/urllib3/issues/3020
    warnings.warn(

-- Docs: https://docs.pytest.org/en/stable/how-to/capture-warnings.html
105 passed, 1 warning in 0.13s
exit: 0

===========================================
[F2] python3 -m compileall .
Listing './sources'...
Listing './tests'...
exit: 0

===========================================
[F3] node --check tracker.js api/tracker.js + sources/*.js
  tracker.js exit: 0
  api/tracker.js exit: 0
  sources/SourceConnector.js exit: 0
  sources/dcard.js exit: 0
  sources/ptt.js exit: 0

===========================================
[F4] PRD/SPEC.md §1-§15 SHA256 (round-2 must match round-1)
round-1 baseline: 5b11411354df2344...
round-2 working :  5b11411354df2344...
MATCH

===========================================
[F5] config.json untracked + .env.example tracked + DCARD_* in .env.example
.gitignore:13:config.json	config.json
.env.example
#   * local dev with TW IP / VPN  → DCARD_FETCH_ENABLED=1
DCARD_FETCH_ENABLED=
DCARD_USER_AGENT=

===========================================
[F6] TODO/FIXME/HACK scan in production code (round-2 additions)

===========================================
== FINAL SUMMARY ==
