=== rpb-qa-m3-verify.log — round-3 M3 — timestamp mirror + since-filter fixtures ===
generated: 2026-08-30T15:30:00Z
branch:    rpb/round-3-v3-since
base HEAD: 6958ea8  (rpb(backend): round-3 — propagate since-filter through orchestrator)

## scope (qa-owned files only)
  MOD: tests/_pure_mirrors.py        (+170 / -0 — additive: 4 new mirrors + 1 constant + 2 helpers)
  NEW: tests/test_ppt_timestamp.py
  NEW: tests/test_since_filter.py
  NEW: rpb-qa-m3-verify.log          (this file — replaces round-2's M3 log)

## file line counts
       622 tests/_pure_mirrors.py
       295 tests/test_ppt_timestamp.py
       611 tests/test_since_filter.py
      1528 total

## [1/7] python3 -m pytest --collect-only
  -- Docs: https://docs.pytest.org/en/stable/how-to/capture-warnings.html
  ========================= 178 tests collected in 0.08s =========================
  exit: 0

## [2/7] python3 -m pytest -q  (round-2 105 + round-3 73 = 178)
  -- Docs: https://docs.pytest.org/en/stable/howto/capture-warnings.html
  178 passed, 1 warning in 0.16s
  exit: 0

## [3/7] round-2 regression gate — the 105 must stay green
  -- Docs: https://docs.pytest.org/en/stable/howto/capture-warnings.html
  105 passed, 1 warning in 0.13s
  exit: 0

## [4/7] round-3 new suites
  test_ppt_timestamp.py:  33 passed in 0.02s
  test_since_filter.py:   40 passed in 0.06s
  (each suite also passes standalone — no inter-test order dependency)

## [5/7] python3 -m compileall .
  Listing './tests'...
  Compiling './tests/test_ppt_timestamp.py'...
  Compiling './tests/test_since_filter.py'...
  exit: 0

## [6/7] node --check (5 files)
  tracker.js:               exit 0
  api/tracker.js:           exit 0
  sources/SourceConnector.js: exit 0
  sources/dcard.js:         exit 0
  sources/ptt.js:           exit 0

## [7/7] mirror-vs-production drift check (12 cases through both impls)
  Every fixture routed through BOTH tests/_pure_mirrors.{normalize_since,
  parse_since_ms, build_since_query} (Python) and the production helpers
  tracker.js#normalizeSince / sources/ptt.js#parseSinceMs /
  sources/dcard.js#buildSinceQuery (Node via subprocess), then compared
  output-for-output.

  cases compared: 12   DRIFT COUNT: 0
  exit: 0

  cases breakdown:
    normalize_since:   4 (empty / null / whitespace-only / padded valid ISO)
    parse_since_ms:    4 (null / empty / valid ISO / invalid string)
    build_since_query: 4 (null / empty / invalid / valid ISO)

## test inventory (73 new)

  tests/test_ppt_timestamp.py  — 33 tests
    happy path ................ 4  (same-year, single-digit m/d, whitespace trim, ISO shape)
    cross-year fallback ....... 3  (Jan+Dec→prev year, late+spring→prev year, within-90d keeps)
    defensive empty/null ...... 5  (empty, None, ws-only, garbage, non-string types)
    defensive out-of-range .... 6  (month 0 / 13, day 0 / 32, Feb 30, Apr 31)
    parametrize matrix ........ 15 (year-resolution 5 + defensive-input 10)

  tests/test_since_filter.py   — 40 tests
    normalize_since ........... 7  (trim, verbatim, empty, None, ws-only, no-validate, non-string)
    parse_since_ms ............ 7  (valid, invalid, empty, None, trim, offset, non-string)
    PTT_SINCE_GRACE_MS ........ 1  (== 86400000)
    PTT grace mirror .......... 10 (filtered-out 2d before, kept same-day, boundary inclusive,
                                    invalid / None / empty / ws since keeps-all,
                                    missing / garbage posted_at keeps-article, full matrix)
    Dcard query builder ....... 7  (valid ISO, empty, None, ws, invalid, non-string, trim)
    raw-mode apply_since ...... 4  (invalid / None / empty since keeps-all, defensive bad-date)
    cross-surface round-trips . 2  (normalize+parse round-trip, build+parse round-trip)
    mirror drift check ........ 2  (subprocess vs prod, handcrafted parity)

## mirror fixtures (tests/_pure_mirrors.py) — additive only
  normalize_since(raw_since) ............. mirror of tracker.js#normalizeSince
  parse_since_ms(raw_since) .............. mirror of sources/ptt.js#parseSinceMs
  build_since_query(raw_since) ........... mirror of sources/dcard.js#buildSinceQuery
  apply_since_filter_ptt(articles, since)  raw-mode PTT filter (parses " M/D" → ISO)
  filter_by_posted_at(articles, since)    normalized-Article PTT filter (brief's contract)
  PTT_SINCE_GRACE_MS = 86400000 .......... mirror of sources/ptt.js constant

## scope discipline
  production code (sources/*.js, tracker.js, api/tracker.js): NOT MODIFIED
  round-2 tests (conftest.py, test_config_loader, test_keyword_match,
                 test_heat_filter, test_source_schema, test_dcard_connector,
                 _dcard_fixtures): NOT MODIFIED
  tests/_pure_mirrors.py change is purely ADDITIVE:
    +4 mirror functions, +1 constant, +2 helper functions
    round-1 mirrors (load_config_with_env / match_keywords / filter_by_heat)
    and round-2 mirrors (UNIFIED_ARTICLE_KEYS, parsePtt_date, _resolve_now,
    _iso_dt, normalize_article) all unchanged
  pytest.ini / package.json / requirements.txt / vercel.json: NOT MODIFIED
  SPEC.md / README.md / CHANGELOG.md / SECURITY.md: NOT MODIFIED (docs = M4)

## summary
  pytest collected: 178   passed: 178   failed: 0
    round-2 baseline: 105 (unchanged — no regression)
    round-3 added:    73
  compileall: exit 0
  node --check: 5/5 OK
  mirror-vs-prod drift: 0
  zero network calls (all fixtures static, drift check runs in-process node)