=== rpb-backend-m2-verify.log — round-2 M2 — Dcard connector ===

## scope
- NEW:   sources/dcard.js
- MOD:   tracker.js                (+1 import, +1 registry entry, -2 commented placeholder lines)
- MOD:   api/tracker.js            (+1 import, +1 registry entry, -1 commented placeholder line)
- MOD:   config.example.json       (dcard enabled: false → true, added forums, sources note)
- MOD:   .env.example              (DCARD_FETCH_ENABLED, DCARD_USER_AGENT docs)
- NEW:   rpb-backend-m2-verify.log (this file)

## git identity
- branch: rpb/round-2-v3-mvp
- author: rpb-orchestrator <rpb@local>

## [1/5] node --check (5 files)
  tracker.js: OK
  api/tracker.js: OK
  sources/SourceConnector.js: OK
  sources/ptt.js: OK
  sources/dcard.js: OK
  exit: 0

## [2/5] python3 -m compileall .
Listing './.pytest_cache/v/cache'...
Listing './PRD'...
Listing './api'...
Listing './sources'...
Listing './tests'...
  exit: 0

## [3/5] python3 -m pytest -q (existing 37 tests must stay green)
  /Users/sean/Library/Python/3.9/lib/python/site-packages/urllib3/__init__.py:35: NotOpenSSLWarning: urllib3 v2 only supports OpenSSL 1.1.1+, currently the 'ssl' module is compiled with 'LibreSSL 2.8.3'. See: https://github.com/urllib3/urllib3/issues/3020
    warnings.warn(

-- Docs: https://docs.pytest.org/en/stable/how-to/capture-warnings.html
37 passed, 1 warning in 0.11s
  exit: 0

## [4/5] JS smoke — Dcard connector contract + normalize
## Dcard connector smoke
  ✓ DcardConnector is class
  ✓ normalizeArticle is function
  ✓ DEFAULT_FORUMS === [3c, trending]
  ✓ DCARD_HOST === www.dcard.tw
  ✓ buildPostUrl ok
  ✓ extends SourceConnector
  ✓ name === dcard
  ✓ enabled default true
  ✓ healthcheck() returns ok
  ✓ enabled=false when config says so
  ✓ article has 10 keys (7 unified + 3 legacy)
  ✓ article.title ok
  ✓ article.url ok
  ✓ article.board is forumName
  ✓ article.author is user.nickname
  ✓ article.pushes === reactionCount
  ✓ article.heat === pushes alias
  ✓ article.timestamp is ISO 8601
  ✓ article.date is YYYY-MM-DD
  ✓ article.source === dcard
  ✓ sparse raw — title defaults ""
  ✓ sparse raw — pushes defaults 0
  ✓ sparse raw — timestamp is ISO now
  ✓ sparse raw — source is dcard
  ✓ sparse raw — has all 7 unified keys
  ✓ author fallback to user.id
  ✓ bad reactionCount → 0
  ✓ fetch returns [] when gated off
  ✓ fetch returns [] with default forums (gated off)
  ✓ _attachForumAlias back-fills forumAlias
  ✓ _attachForumAlias preserves existing forumAlias
--- 31 checks passed, 0 failed
  exit: 0

## [5/5] no real Dcard network calls in source code
  (gate: fetch() short-circuits to [] when DCARD_FETCH_ENABLED != 1)
  (grep confirms only the URL PATH string is referenced; no fetch() calls execute in default mode)
  grep -rnE 'fetch\(.*dcard\.tw' sources/dcard.js :
    (no matches — correct, no actual fetch hits dcard.tw in default mode)
  exit: 0

## summary
  - node --check: 5/5 OK
  - compileall: 0 errors
  - pytest: 37 passed (no regressions)
  - dcard smoke: 31 checks, 0 failed
  - zero outbound HTTPS to dcard.tw in default mode (env-gated)
