=== rpb-docs-m4-verify.log — Milestone 4 docs sync (round-2 / v3.0) ===
date: 2026-08-29
branch: rpb/round-2-v3-mvp
HEAD before commit: 56c7bef rpb(orchestrator): add round-2 PLAN (v3.0 minimal slice: source abstraction + Dcard connector)
owner: docs (M4)
files in scope: README.md, CHANGELOG.md, PRD/SPEC.md, rpb-docs-m4-verify.log
files NOT in scope (NOT added): sources/SourceConnector.js, sources/ptt.js, sources/dcard.js (backend / M1+M2 in-flight); tracker.js, api/tracker.js (backend refactor); tests/test_source_schema.py, tests/test_dcard_connector.py, tests/_pure_mirrors.py (qa / M3 in-flight); config.example.json (backend / M2 in-flight)

==========================================
[1] README.md — word count and bash block syntax
==========================================
$ wc -w README.md
263 README.md
$ wc -l README.md
86 README.md

Note: round-1 末版 README = 209 words / 75 lines; round-2 = 263 words / 86 lines.
Word ratio: 263 / 209 = 1.258x  (≤ 1.5x cap; well under 350 word ceiling)
Line ratio: 86 / 75 = 1.147x

$ awk '/^```bash$/{flag=1; next} /^```$/{flag=0} flag' README.md > /tmp/readme_bash.sh
$ bash -n /tmp/readme_bash.sh && echo "bash syntax OK"
bash syntax OK

bash blocks: 6 (all valid bash syntax)
- cp .env.example .env + comment
- cp config.example.json config.json
- set -a; source .env; set +a; node tracker.js  (local dev env pattern)
- node tracker.js  (single run)
- node tracker.js --watch 5  (watch mode)
- python3 -m pytest -q  (tests)

README changes (scope: only append "v3.0 狀態" block under "功能" section):
$ git diff --stat README.md
 README.md | 11 +++++++++++
 1 file changed, 11 insertions(+)

Inserted block:
## v3.0 狀態(Status)
  - "experimental" warning
  - currently supported sources: PTT (existing) + Dcard (new, /api/posts, no auth)
  - config.json uses "sources" array (default ["ptt"])
  - Roadmap: Threads (Meta Business required) / 巴哈姆特 (no public API)
  - Deferred features: AI 情緒, LINE/Slack/Email, PDF, BullMQ/Redis

Internal links preserved (round-1 references):
- CHANGELOG.md    ✓ exists
- SECURITY.md     ✓ exists (round-1 M5 hardening)
- PRD/SPEC.md     ✓ exists (link target of new status block)
- PLAN.md         ✓ exists (commit 8562fa8 round-1; extended in round-2 56c7bef)

==========================================
[2] CHANGELOG.md — round-2 entry appended
==========================================
$ wc -l CHANGELOG.md
52 CHANGELOG.md

$ git diff --stat CHANGELOG.md
 CHANGELOG.md | 25 +++++++++++++++++++++++++
 1 file changed, 25 insertions(+)

Round-2 entry line span (from "## [Unreleased] — round-2" heading to last deferred bullet):
- 24 lines  (well under 30-line cap)

Round-1 entry preserved (lines 3-27 of round-1, 1-27 of round-2 file). All round-1 facts untouched.

Round-2 entry sections:
- Added:   SourceConnector.js / ptt.js / dcard.js / test_source_schema.py / test_dcard_connector.py / _pure_mirrors.py extension
- Changed: tracker.js + api/tracker.js → MultiSourceTracker; config.json +sources field (back-compat default ["ptt"])
- Deferred: Threads / 巴哈姆特 / AI 情緒 / 多通道 / PDF / BullMQ-Redis

==========================================
[3] PRD/SPEC.md — append-only integrity check
==========================================
$ git diff --stat PRD/SPEC.md
 PRD/SPEC.md | 50 ++++++++++++++++++++++++++++++++++++++++++++++++++
 1 file changed, 50 insertions(+)

$ git diff PRD/SPEC.md | grep '^-' | grep -v '^---' | wc -l
0
(deleted-line count, excluding diff header: 0 — pure append)

$ wc -l PRD/SPEC.md
887 PRD/SPEC.md (was 837 → +50 lines, matches diff stat)

§1-§15 SHA256 integrity (boundary: line 795 = end of §1-§15 / start of 附錄 A):
$ python3 -c "
import hashlib
def first795_sha(path):
    with open(path, 'rb') as f:
        raw = f.read()
    lines = raw.splitlines()
    prefix = b'\n'.join(lines[:795])
    return hashlib.sha256(prefix).hexdigest(), len(prefix)
"
HEAD[:795]   = 5b11411354df23449ed953dcf6b1d7113300a52393703bad8d14cc18060f7999  (31206 bytes)
working[:795]= 5b11411354df23449ed953dcf6b1d7113300a52393703bad8d14cc18060f7999  (31206 bytes)
Match: True

(SHA256 of first 795 lines matches HEAD blob byte-for-byte → §1-§15 + 附錄 A boundary untouched)

Appended section:
## 附錄 B — round-2 實作紀錄(2026-08-29)
  B.1 round-2 範圍 (對應 PLAN.md M1+M2+M3:SourceConnector 抽象化 / Dcard connector / Article schema 測試)
  B.2 round-2 commit log (本 docs commit + 56c7bef round-2 PLAN + 3dfbcbb round-1 final verify)
  B.3 明確不在 round-2 範圍 (Deferred 表 — Threads / 巴哈姆特 / AI / 多通道 / PDF / BullMQ / multi-tenant)
  B.4 round-2 文件同步摘要 (README 字數 / CHANGELOG / SPEC / verify log)

==========================================
[4] Staged scope check (will be 4 files only)
==========================================
$ git status --short
 M CHANGELOG.md
 M PRD/SPEC.md
 M README.md
?? rpb-docs-m4-verify.log

Files to be added by docs (4 files, scope only):
  README.md, CHANGELOG.md, PRD/SPEC.md, rpb-docs-m4-verify.log
NOT added (parallel in-flight):
  sources/* (backend M1+M2)
  tracker.js, api/tracker.js (backend M1)
  config.example.json (backend M2)
  tests/test_source_schema.py, tests/test_dcard_connector.py, tests/_pure_mirrors.py (qa M3)

==========================================
[5] Brief constraints — checklist
==========================================
[✓] README word count ≤ 350 (actual: 263; ratio 1.26x of round-1 209, well under 1.5x cap)
[✓] README internal markdown links resolve (CHANGELOG / SECURITY / PLAN / PRD all exist)
[✓] All README bash blocks pass `bash -n` (6/6)
[✓] CHANGELOG round-2 entry ≤ 30 lines (actual: 24)
[✓] CHANGELOG round-1 entry preserved byte-for-byte (1-27 → 1-27)
[✓] PRD/SPEC.md append-only (0 deletions, +50 lines)
[✓] PRD/SPEC.md §1-§15 SHA256 byte-for-byte matches HEAD (5b11411354df23449ed953dcf6b1d7113300a52393703bad8d14cc18060f7999)
[✓] PRD/SPEC.md 附錄 A preserved (lines 799-837 of HEAD → lines 799-837 of working tree)
[✓] Only docs-scope files staged (4 files: README / CHANGELOG / PRD/SPEC / verify log)
[✓] Did NOT touch: tracker.js / api/tracker.js / ptt_tracker.py / sources/* / tests/* / config.example.json
                   / .env.example / vercel.json / .gitignore / ci.yml / SECURITY.md / app.* / index.html
[✓] Live URL preserved: https://ptt-alertor-olive.vercel.app (round-1)
[✓] did NOT push

==========================================
FINAL SUMMARY
==========================================
4 files staged for commit (docs scope only):
  README.md                — append-only v3.0 status block under 「功能」 (209 → 263 words, 1.26x)
  CHANGELOG.md             — append-only round-2 entry after round-1 (round-1 entry preserved)
  PRD/SPEC.md              — append-only 附錄 B after 附錄 A (+50 lines; §1-§15 + 附錄 A untouched)
  rpb-docs-m4-verify.log   — this file

PRD/SPEC.md diff --stat:
  PRD/SPEC.md | 50 ++++++++++++++++++++++++++++++++++++++++++++++++++
  1 file changed, 50 insertions(+)